// Jest Snapshot v1, https://goo.gl/fbAQLP

exports[`App renders without crashing 1`] = `
Object {
  "asFragment": [Function],
  "baseElement": <body>
    <div>
      <div
        class="sc-bdVaJa dsjtQI"
      >
        <div
          class="sc-bwzfXH eRYMzF"
        >
          <h1>
            Quick Tax Calc
          </h1>
          <p>
            This is a quick calculator for the
             
            <a
              href="https://www.ato.gov.au/Rates/Individual-income-tax-rates/"
            >
              ATO Australian Individual Tax Rates
            </a>
          </p>
          <h2
            style="margin-bottom: 0px;"
          >
            How to use
          </h2>
          <p>
            Type your annual pre-tax amount in the income section and see your after tax annual and fortnightly amounts.
          </p>
          <p>
            You can use the memory button (M) to remember a given fortnightly amount for comparison.
          </p>
          <p>
            The income section also allows for formulae so you can do things like:
          </p>
          <ul>
            <li>
              How might a 10% raise affect my income?
               
              <button>
                Try it
              </button>
            </li>
            <li>
              What if I get an extra job paying 500 a week?
               
              <button>
                Try it
              </button>
            </li>
            <li>
              If I go 3 days a week, how much will I get paid?
               
              <button
                data-testid="template-part-time"
              >
                Try it
              </button>
            </li>
            <li>
              What contractor daily rate is
               
              <span
                style="text-decoration: underline;"
                title="4 weeks holiday, 2 weeks sick, 10 public holidays, 9.5% super"
              >
                comparable
              </span>
               
              with my full time salary?
               
              <button
                data-testid="template-contractor"
              >
                Try it
              </button>
            </li>
          </ul>
          <div
            style="background-color: rgb(238, 238, 238); margin: 0px -3rem; padding: 1rem 0.9rem 2rem 3rem;"
          >
            <div
              class="sc-htpNat hqmgw"
            >
              <div
                class="sc-bxivhb kKGLjl"
              >
                Tax Year:
              </div>
              <div
                class="sc-EHOje lclkHR"
              >
                <label>
                  <input
                    type="radio"
                    value="2018"
                  />
                  2017 / 2018
                   
                </label>
                <label>
                  <input
                    type="radio"
                    value="2019"
                  />
                  2018 / 2019
                   
                </label>
                <label>
                  <input
                    checked=""
                    type="radio"
                    value="2020"
                  />
                  2019 / 2020
                   
                </label>
              </div>
            </div>
            <div
              class="sc-htpNat hqmgw"
              style="margin: 1rem 0px 2rem;"
            >
              <label
                class="sc-ifAKCX jhSUeN"
                for="income"
              >
                Income:
              </label>
              <div
                class="sc-EHOje lclkHR"
              >
                <input
                  data-testid="income"
                  id="income"
                  style="font-size: 1.4em; text-align: right; border: 1px solid #ccc; max-width: 215px;"
                  type="text"
                  value="90000"
                />
                <small
                  style="display: block; text-align: right;"
                >
                  Accepts formulas - eg 90000 * 1.1
                </small>
              </div>
            </div>
            <div
              class="sc-htpNat hqmgw"
            >
              <div
                class="sc-bxivhb kKGLjl"
              >
                Income:
              </div>
              <div
                class="sc-EHOje lclkHR"
              >
                A$90,000.00
              </div>
            </div>
            <div
              class="sc-htpNat hqmgw"
            >
              <div
                class="sc-bxivhb kKGLjl"
              >
                Tax:
              </div>
              <div
                class="sc-EHOje lclkHR"
              >
                A$20,797.00
              </div>
            </div>
            <div
              class="sc-htpNat hqmgw"
              style="margin-bottom: 2rem;"
            >
              <div
                class="sc-bxivhb kKGLjl"
              >
                Annual Less Tax:
              </div>
              <div
                class="sc-EHOje lclkHR"
              >
                A$69,203.00
              </div>
            </div>
            <div
              class="sc-htpNat hqmgw"
            >
              <div
                class="sc-bxivhb kKGLjl"
              >
                Fortnightly:
              </div>
              <div
                class="sc-EHOje lclkHR"
              >
                A$3,461.54
              </div>
            </div>
            <div
              class="sc-htpNat hqmgw"
            >
              <div
                class="sc-bxivhb kKGLjl"
              >
                Fortnightly Tax:
              </div>
              <div
                class="sc-EHOje lclkHR"
              >
                A$799.88
              </div>
            </div>
            <div
              class="sc-htpNat hqmgw"
              style="margin-top: 2rem;"
            >
              <div
                class="sc-bxivhb kKGLjl"
              >
                Fortnightly Less Tax:
              </div>
              <div
                class="sc-EHOje lclkHR"
                data-testid="fortnightly-less-tax"
                style="font-size: 1.5em; margin-right: 0px;"
              >
                A$2,661.65
                <button
                  style="height: 1.5rem; vertical-align: bottom; margin-left: 0.5rem;"
                >
                  M
                </button>
              </div>
            </div>
          </div>
          <p
            style="margin-top: 2rem; text-align: center;"
          >
            <a
              href="https://github.com/zorfling/quick-tax-calc"
            >
              Check out the code on GitHub
            </a>
          </p>
          <p
            style="margin-top: 2rem; text-align: center;"
          >
            <a
              href="https://chriscolborne.com"
            >
              Built by @zorfling
            </a>
          </p>
        </div>
      </div>
    </div>
  </body>,
  "container": <div>
    <div
      class="sc-bdVaJa dsjtQI"
    >
      <div
        class="sc-bwzfXH eRYMzF"
      >
        <h1>
          Quick Tax Calc
        </h1>
        <p>
          This is a quick calculator for the
           
          <a
            href="https://www.ato.gov.au/Rates/Individual-income-tax-rates/"
          >
            ATO Australian Individual Tax Rates
          </a>
        </p>
        <h2
          style="margin-bottom: 0px;"
        >
          How to use
        </h2>
        <p>
          Type your annual pre-tax amount in the income section and see your after tax annual and fortnightly amounts.
        </p>
        <p>
          You can use the memory button (M) to remember a given fortnightly amount for comparison.
        </p>
        <p>
          The income section also allows for formulae so you can do things like:
        </p>
        <ul>
          <li>
            How might a 10% raise affect my income?
             
            <button>
              Try it
            </button>
          </li>
          <li>
            What if I get an extra job paying 500 a week?
             
            <button>
              Try it
            </button>
          </li>
          <li>
            If I go 3 days a week, how much will I get paid?
             
            <button
              data-testid="template-part-time"
            >
              Try it
            </button>
          </li>
          <li>
            What contractor daily rate is
             
            <span
              style="text-decoration: underline;"
              title="4 weeks holiday, 2 weeks sick, 10 public holidays, 9.5% super"
            >
              comparable
            </span>
             
            with my full time salary?
             
            <button
              data-testid="template-contractor"
            >
              Try it
            </button>
          </li>
        </ul>
        <div
          style="background-color: rgb(238, 238, 238); margin: 0px -3rem; padding: 1rem 0.9rem 2rem 3rem;"
        >
          <div
            class="sc-htpNat hqmgw"
          >
            <div
              class="sc-bxivhb kKGLjl"
            >
              Tax Year:
            </div>
            <div
              class="sc-EHOje lclkHR"
            >
              <label>
                <input
                  type="radio"
                  value="2018"
                />
                2017 / 2018
                 
              </label>
              <label>
                <input
                  type="radio"
                  value="2019"
                />
                2018 / 2019
                 
              </label>
              <label>
                <input
                  checked=""
                  type="radio"
                  value="2020"
                />
                2019 / 2020
                 
              </label>
            </div>
          </div>
          <div
            class="sc-htpNat hqmgw"
            style="margin: 1rem 0px 2rem;"
          >
            <label
              class="sc-ifAKCX jhSUeN"
              for="income"
            >
              Income:
            </label>
            <div
              class="sc-EHOje lclkHR"
            >
              <input
                data-testid="income"
                id="income"
                style="font-size: 1.4em; text-align: right; border: 1px solid #ccc; max-width: 215px;"
                type="text"
                value="90000"
              />
              <small
                style="display: block; text-align: right;"
              >
                Accepts formulas - eg 90000 * 1.1
              </small>
            </div>
          </div>
          <div
            class="sc-htpNat hqmgw"
          >
            <div
              class="sc-bxivhb kKGLjl"
            >
              Income:
            </div>
            <div
              class="sc-EHOje lclkHR"
            >
              A$90,000.00
            </div>
          </div>
          <div
            class="sc-htpNat hqmgw"
          >
            <div
              class="sc-bxivhb kKGLjl"
            >
              Tax:
            </div>
            <div
              class="sc-EHOje lclkHR"
            >
              A$20,797.00
            </div>
          </div>
          <div
            class="sc-htpNat hqmgw"
            style="margin-bottom: 2rem;"
          >
            <div
              class="sc-bxivhb kKGLjl"
            >
              Annual Less Tax:
            </div>
            <div
              class="sc-EHOje lclkHR"
            >
              A$69,203.00
            </div>
          </div>
          <div
            class="sc-htpNat hqmgw"
          >
            <div
              class="sc-bxivhb kKGLjl"
            >
              Fortnightly:
            </div>
            <div
              class="sc-EHOje lclkHR"
            >
              A$3,461.54
            </div>
          </div>
          <div
            class="sc-htpNat hqmgw"
          >
            <div
              class="sc-bxivhb kKGLjl"
            >
              Fortnightly Tax:
            </div>
            <div
              class="sc-EHOje lclkHR"
            >
              A$799.88
            </div>
          </div>
          <div
            class="sc-htpNat hqmgw"
            style="margin-top: 2rem;"
          >
            <div
              class="sc-bxivhb kKGLjl"
            >
              Fortnightly Less Tax:
            </div>
            <div
              class="sc-EHOje lclkHR"
              data-testid="fortnightly-less-tax"
              style="font-size: 1.5em; margin-right: 0px;"
            >
              A$2,661.65
              <button
                style="height: 1.5rem; vertical-align: bottom; margin-left: 0.5rem;"
              >
                M
              </button>
            </div>
          </div>
        </div>
        <p
          style="margin-top: 2rem; text-align: center;"
        >
          <a
            href="https://github.com/zorfling/quick-tax-calc"
          >
            Check out the code on GitHub
          </a>
        </p>
        <p
          style="margin-top: 2rem; text-align: center;"
        >
          <a
            href="https://chriscolborne.com"
          >
            Built by @zorfling
          </a>
        </p>
      </div>
    </div>
  </div>,
  "debug": [Function],
  "findAllByAltText": [Function],
  "findAllByDisplayValue": [Function],
  "findAllByLabelText": [Function],
  "findAllByPlaceholderText": [Function],
  "findAllByRole": [Function],
  "findAllByTestId": [Function],
  "findAllByText": [Function],
  "findAllByTitle": [Function],
  "findByAltText": [Function],
  "findByDisplayValue": [Function],
  "findByLabelText": [Function],
  "findByPlaceholderText": [Function],
  "findByRole": [Function],
  "findByTestId": [Function],
  "findByText": [Function],
  "findByTitle": [Function],
  "getAllByAltText": [Function],
  "getAllByDisplayValue": [Function],
  "getAllByLabelText": [Function],
  "getAllByPlaceholderText": [Function],
  "getAllByRole": [Function],
  "getAllByTestId": [Function],
  "getAllByText": [Function],
  "getAllByTitle": [Function],
  "getByAltText": [Function],
  "getByDisplayValue": [Function],
  "getByLabelText": [Function],
  "getByPlaceholderText": [Function],
  "getByRole": [Function],
  "getByTestId": [Function],
  "getByText": [Function],
  "getByTitle": [Function],
  "queryAllByAltText": [Function],
  "queryAllByDisplayValue": [Function],
  "queryAllByLabelText": [Function],
  "queryAllByPlaceholderText": [Function],
  "queryAllByRole": [Function],
  "queryAllByTestId": [Function],
  "queryAllByText": [Function],
  "queryAllByTitle": [Function],
  "queryByAltText": [Function],
  "queryByDisplayValue": [Function],
  "queryByLabelText": [Function],
  "queryByPlaceholderText": [Function],
  "queryByRole": [Function],
  "queryByTestId": [Function],
  "queryByText": [Function],
  "queryByTitle": [Function],
  "rerender": [Function],
  "unmount": [Function],
}
`;
